
[2026-09-23 17:15]
NEW: Tenancy agreement beginning 1st of October 2026 | Rantalinna | 1 room, kitchen/living room, balcony, FAMILY APARTMENT | 48,5 | 3. | 780,70 + 35

[2026-09-23 17:20]
NEW: Tenancy agreement beginning 1st of October 2026 | Rantalinna | 1 room, kitchen/living room, balcony, FAMILY APARTMENT | 48,5 | 3. | 780,70 + 35

[2026-09-23 17:26]
NEW: Tenancy agreement beginning 1st of October 2026 | Rantalinna | 1 room, kitchen/living room, balcony, FAMILY APARTMENT | 48,5 | 3. | 780,70 + 35

[2026-09-23 19:57]
NEW: Tenancy agreement beginning immediately | Kaisanpirtit | 2 rooms, kitchen, balcony, FAMILY APARTMENT | 58 | 2. | 592,67 + 35

[2026-09-24 10:40]
GONE: Tenancy agreement beginning immediately | Lapinkaari | 2 rooms, kitchen,FAMILY APARTMENT, FURNISHED | 58,4 | 1. | 634,36 + 35

[2026-09-25 05:55]
NEW: Tenancy agreement beginning 1st of October 2026 | Tullinaukio | 1 room, cooking place | 27 | 3. | 563,31 + 23
NEW: Tenancy agreement beginning 1st of October 2026 | Kissanmaa | 1 room/alcove + cooking area | 36,5 | 1. | 660,00 + 23

[2026-09-25 10:48]
NEW: Tenancy agreement beginning immediately | Tuulanhovi | 2 rooms, kitchen, balcony, family apartment | 64,5 | 6. | 728,73 + 35
NEW: Tenancy agreement beginning immediately | Trikootalo | 2 rooms, kitchenette, family apartment | 51,5 | 2. | 852,44 + 35
NEW: Tenancy agreement beginning 1st of October 2026 | Isoheikkila | 2 rooms, kitchen/living room, terrace, family apartment | 66 | 1. | 804,00 + 35
NEW: Tenancy agreement beginning immediately | Kaisanpirtit | 2 rooms, kitchen, balcony, family apartment | 58 | 2. | 592,67 + 35
NEW: Tenancy agreement beginning 1st of October 2026 | Kalevan-keihas | 2 rooms, kitchen, balcony, family apartment | 55,5 | 1. | 700,17 + 35
NEW: Tenancy agreement beginning 1st of October 2026 | Ismonraitti | 2 rooms, kitchen, balcony, family apartment | 58 | 3. | 659,98 + 35
NEW: Tenancy agreement beginning 1st of October 2026 | Tuulanhovi | 2 rooms, kitchen, balcony, family apartment | 64,5 | 6. | 728,73 + 35
NEW: Tenancy agreement beginning 1st of October 2026 | Kissanmaa | 2 rooms, cooking area, family apartment | 44 | 3. | 764,24 + 35
NEW: Tenancy agreement beginning 1st of October 2026 | Rantalinna | 1 room, kitchen/living room, balcony, family apartment | 48,5 | 3. | 780,70 + 35
GONE: Tenancy agreement beginning 1st of October 2026 | Isoheikkila | 2 rooms, kitchen/living room, terrace, FAMILY APARTMENT | 66 | 1. | 804,00 + 35
GONE: Tenancy agreement beginning immediately | Kaisanpirtit | 2 rooms, kitchen, balcony, FAMILY APARTMENT | 58 | 2. | 592,67 + 35
GONE: Tenancy agreement beginning 1st of October 2026 | Tuulanhovi | 2 rooms, kitchen, balcony, FAMILY APARTMENT | 64,5 | 6. | 728,73 + 35
GONE: Tenancy agreement beginning 1st of October 2026 | Rantalinna | 1 room, kitchen/living room, balcony, FAMILY APARTMENT | 48,5 | 3. | 780,70 + 35
GONE: Tenancy agreement beginning 1st of October 2026 | Kalevan-keihas | 2 rooms, kitchen, balcony, FAMILY APARTMENT | 55,5 | 1. | 700,17 + 35
GONE: Tenancy agreement beginning immediately | Tuulanhovi | 2 rooms, kitchen, balcony, FAMILY APARTMENT | 64,5 | 6. | 728,73 + 35
GONE: Tenancy agreement beginning 1st of October 2026 | Kissanmaa | 2 rooms, cooking area, FAMILY APARTMENT | 44 | 3. | 764,24 + 35
GONE: Tenancy agreement beginning 1st of October 2026 | Ismonraitti | 2 rooms, kitchen, balcony, FAMILY APARTMENT | 58 | 3. | 659,98 + 35
GONE: Tenancy agreement beginning immediately | Trikootalo | 2 rooms, kitchenette, FAMILY APARTMENT | 51,5 | 2. | 852,44 + 35

[2026-09-28 05:37]
NEW: Tenancy agreement beginning 1st of October 2026 | Mikontalo | 2 rooms, kitchen, renovated family apartment | 40,5 | 8. | 553,06 + 35
GONE: Tenancy agreement beginning 1st of October 2026 | Kissanmaa | 2 rooms, cooking area, family apartment | 44 | 3. | 764,24 + 35
GONE: Tenancy agreement beginning 1st of October 2026 | Isoheikkila | 2 rooms, kitchen/living room, terrace, family apartment | 66 | 1. | 804,00 + 35

[2026-09-29 05:54]
GONE: Tenancy agreement beginning 1st of October 2026 | Ismonraitti | 2 rooms, kitchen, balcony, family apartment | 58 | 3. | 659,98 + 35
GONE: Tenancy agreement beginning 1st of October 2026 | Mikontalo | 2 rooms, kitchen, renovated family apartment | 40,5 | 8. | 553,06 + 35
GONE: Tenancy agreement beginning 1st of October 2026 | Kalevan-keihas | 2 rooms, kitchen, balcony, family apartment | 55,5 | 1. | 700,17 + 35

[2026-09-30 12:50]
GONE: Tenancy agreement beginning 1st of October 2026 | Kissanmaa | 1 room/alcove + cooking area | 36,5 | 1. | 660,00 + 23

[2026-10-01 07:19]
NEW: Tenancy agreement beginning immediately | Tullinaukio | 1 room, cooking place | 27 | 3. | 563,31 + 23
NEW: Tenancy agreement beginning immediately | Pekola | 2 rooms, kitchenette, balcony, family apartment | 54 | 1. | 765,86 + 35
NEW: Tenancy agreement beginning immediately | Rantalinna | 1 room, kitchen/living room, balcony, family apartment | 48,5 | 3. | 780,70 + 35
NEW: Tenancy agreement beginning immediately | Mikontalo | 2 rooms, kitchen, french balcony, family apartment | 40,5 | 2. | 540,53 + 35
GONE: Tenancy agreement beginning 1st of October 2026 | Tuulanhovi | 2 rooms, kitchen, balcony, family apartment | 64,5 | 6. | 728,73 + 35
GONE: Tenancy agreement beginning 1st of October 2026 | Tullinaukio | 1 room, cooking place | 27 | 3. | 563,31 + 23
GONE: Tenancy agreement beginning 1st of October 2026 | Rantalinna | 1 room, kitchen/living room, balcony, family apartment | 48,5 | 3. | 780,70 + 35

[2026-10-01 14:17]
GONE: Tenancy agreement beginning immediately | Mikontalo | 2 rooms, kitchen, french balcony, family apartment | 40,5 | 2. | 540,53 + 35

[2026-10-05 12:22]
NEW: Tenancy agreement beginning immediately | Kauppi | 1 room + cooking place | 30,5 | 3. | 537,17 + 23
NEW: Tenancy agreement beginning 1st of November 2026 | Velinterassit | 1 room, kitchen/living room, balcony , FAMILY APARTMENT | 48,5 | 4. | 782,45 + 35
NEW: Tenancy agreement beginning 1st of November 2026 | Mikontalo | 1 room, kitchen/living room, French balcony, FURNISHED FAMILY APARTMENT | 52 | 3. | 623,68 + 35
NEW: Tenancy agreement beginning immediately | Wainola-1 | 1 room, kitchen, french balcony | 32 | 8. | 397,38 + 23
NEW: Tenancy agreement beginning 1st of November 2026 | Annala | 2 rooms, kitchen/living room, balcony, FAMILY APARTMENT | 68 | 2. | 776,23 + 35
GONE: Tenancy agreement beginning immediately | Pekola | 2 rooms, kitchenette, balcony, family apartment | 54 | 1. | 765,86 + 35

[2026-10-05 20:36]
GONE: Tenancy agreement beginning immediately | Wainola-1 | 1 room, kitchen, french balcony | 32 | 8. | 397,38 + 23

[2026-10-06 07:48]
GONE: Tenancy agreement beginning immediately | Tullinaukio | 1 room, cooking place | 27 | 3. | 563,31 + 23

[2026-10-06 14:30]
NEW: Tenancy agreement beginning 1st of November 2026 | Velinterassit | 1 room, kitchen/living room, balcony , family apartment | 48,5 | 4. | 782,45 + 35
NEW: Tenancy agreement beginning immediately | Mikontalo | 1 room, kitchenette | 28,5 | 6. | 375,58 + 23
NEW: Tenancy agreement beginning immediately | Pappila | 1 room + cooking place + alcove | 29 | 4. | 476,98 + 23
GONE: Tenancy agreement beginning immediately | Kauppi | 1 room + cooking place | 30,5 | 3. | 537,17 + 23
GONE: Tenancy agreement beginning 1st of November 2026 | Velinterassit | 1 room, kitchen/living room, balcony , FAMILY APARTMENT | 48,5 | 4. | 782,45 + 35
GONE: Tenancy agreement beginning 1st of November 2026 | Annala | 2 rooms, kitchen/living room, balcony, FAMILY APARTMENT | 68 | 2. | 776,23 + 35
GONE: Tenancy agreement beginning 1st of November 2026 | Mikontalo | 1 room, kitchen/living room, French balcony, FURNISHED FAMILY APARTMENT | 52 | 3. | 623,68 + 35
